#-----------------------------------------------------------
# Vivado v2021.1 (64-bit)
# SW Build 3247384 on Thu Jun 10 19:36:07 MDT 2021
# IP Build 3246043 on Fri Jun 11 00:30:35 MDT 2021
# Start of session at: Thu Oct 21 00:48:08 2021
# Process ID: 32644
# Current directory: /data/vap/vitis-nix-config
# Command line: vivado -log ./logfiles/vivado/vivado.log -journal ./logfiles/vivado/vivado.jou
# Log file: /data/vap/vitis-nix-config/./logfiles/vivado/vivado.log
# Journal file: /data/vap/vitis-nix-config/./logfiles/vivado/vivado.jou
#-----------------------------------------------------------
start_gui
open_project /data/vap/vitis-nix-config/thermostat.xpr
update_compile_order -fileset sources_1
launch_simulation
source thermostat_simulation.tcl
add_bp {/data/vap/vitis-nix-config/src/rtl/thermostat.vhdl} 20
remove_bps -file {/data/vap/vitis-nix-config/src/rtl/thermostat.vhdl} -line 20
# Disabling source management mode.  This is to allow the top design properties to be set without GUI intervention.
set_property source_mgmt_mode None [current_project]
set_property top thermostat [get_filesets sim_1]
set_property top_lib xil_defaultlib [get_filesets sim_1]
# Re-enabling previously disabled source management mode.
set_property source_mgmt_mode All [current_project]
# Disabling source management mode.  This is to allow the top design properties to be set without GUI intervention.
set_property source_mgmt_mode None [current_project]
set_property top thermostat [current_fileset]
# Re-enabling previously disabled source management mode.
set_property source_mgmt_mode All [current_project]
update_compile_order -fileset sources_1
launch_simulation
source thermostat.tcl
run 100 ns
restart
run 100 ns
add_force {/thermostat/TARGET} -radix hex {ff 4ns}
add_force {/thermostat/TARGET} -radix hex {7 4ns}
add_force {/thermostat/TARGET} -radix hex {7 4ns}
add_force {/thermostat/TARGET} -radix hex {3 3ns}
add_force {/thermostat/TARGET} -radix unsigned {7 3ns}
run 100 ns
restart
run 100 ns
add_force {/thermostat/TARGET} -radix hex {3 3ns}
run 100 ns
restart
add_force {/thermostat/TARGET} -radix hex {3 3ns}
run 100 ns
add_force {/thermostat/SWITCH} -radix hex {1 21ns}
restart
run 100 ns
add_force {/thermostat/SWITCH} -radix bin {1 22ns}
restart
run 100 ns
current_wave_config {Untitled 2}
remove_forces { {/thermostat/SWITCH} }
add_force {/thermostat/SWITCH} -radix bin {1 21}
run 100 ns
restart
run 100 ns
close_sim
close_sim
